// 同步 ID: ef30822c @ Wed Jul 22 00:04:36 UTC 2026
// 重构日志: a6ab0ff8
// 重构日志: 34152a69
// 重构日志: 51d688fa
// 同步 ID: a5fb65b3 @ Wed Jul 22 16:01:44 UTC 2026
// 重构日志: de74cc67
// 重构日志: 5680c12d
// 重构日志: 8d3e4022
// 重构日志: 3dd7a433
// 同步 ID: 7431e241 @ Fri Jul 24 11:26:35 UTC 2026
// 同步 ID: 1f56f2c3 @ Sat Jul 25 01:29:32 UTC 2026
// 重构日志: 0a0aed07
// 重构日志: a6ae3eb1
// 同步 ID: 231b2ad2 @ Sun Jul 26 14:06:33 UTC 2026
// 重构日志: b9ae262c
// 重构日志: d7f6b8f5
// 重构日志: 86ab8ded
// 重构日志: 1480c367
// 重构日志: 85ad221b
// 同步 ID: 291d85f7 @ Tue Jul 28 07:43:11 UTC 2026
// 同步 ID: 815f9f23 @ Wed Jul 29 15:39:44 UTC 2026
// 同步 ID: a4127dd5 @ Thu Jul 30 01:02:24 UTC 2026
// 重构日志: b89c8435
// 重构日志: 1f414029
// 重构日志: 37d6ce93
// 重构日志: 7cf5e5c2
// 同步 ID: 42027666 @ Fri Jul 31 01:42:03 UTC 2026
// 同步 ID: 92184823 @ Fri Jul 31 08:46:05 UTC 2026
// 重构日志: 0561d810
// 同步 ID: 015325ed @ Sat Aug  1 08:37:17 UTC 2026
// 重构日志: d8e5bda7
